Microchip MPLAB XC8 Compiler V2.30

Linker command line:

-W-3 --edf=C:\Program Files\Microchip\xc8\v2.30\pic\dat\en_msgs.txt -cn \
  -h+dist/default/production\RX_main_driver.X.production.sym \
  --cmf=dist/default/production\RX_main_driver.X.production.cmf -z \
  -Q16F18344 -oC:\Users\Cody\AppData\Local\Temp\sd6kx2 \
  --defsym=__MPLAB_BUILD=1 \
  -Mdist/default/production/RX_main_driver.X.production.map -E1 \
  -ver=XC8 Compiler --acfsm=1493 -ASTACK=0209Dh-021EFh -pstack=STACK \
  -ACODE=00h-07FFhx2 -ASTRCODE=00h-0FFFh -ASTRING=00h-0FFhx16 \
  -ACONST=00h-0FFhx16 -AENTRY=00h-0FFhx16 -ACOMMON=070h-07Fh \
  -ABANK0=020h-06Fh -ABANK1=0A0h-0EFh -ABANK2=0120h-016Fh \
  -ABANK3=01A0h-01EFh -ABANK4=0220h-026Fh -ABANK5=02A0h-02EFh \
  -ABANK6=0320h-032Fh -ABIGRAM=02000h-021EFh \
  -ARAM=020h-06Fh,0A0h-0EFh,0120h-016Fh,01A0h-01EFh,0220h-026Fh,02A0h-02EFh,0320h-032Fh \
  -AABS1=020h-07Fh,0A0h-0EFh,0120h-016Fh,01A0h-01EFh,0220h-026Fh,02A0h-02EFh,0320h-032Fh \
  -ASFR0=00h-01Fh -ASFR1=080h-09Fh -ASFR2=0100h-011Fh -ASFR3=0180h-019Fh \
  -ASFR4=0200h-021Fh -ASFR5=0280h-029Fh -ASFR6=0300h-031Fh \
  -ASFR7=0380h-03EFh -ASFR8=0400h-046Fh -ASFR9=0480h-04EFh \
  -ASFR10=0500h-056Fh -ASFR11=0580h-05EFh -ASFR12=0600h-066Fh \
  -ASFR13=0680h-06EFh -ASFR14=0700h-076Fh -ASFR15=0780h-07EFh \
  -ASFR16=0800h-086Fh -ASFR17=0880h-08EFh -ASFR18=0900h-096Fh \
  -ASFR19=0980h-09EFh -ASFR20=0A00h-0A6Fh -ASFR21=0A80h-0AEFh \
  -ASFR22=0B00h-0B6Fh -ASFR23=0B80h-0BEFh -ASFR24=0C00h-0C6Fh \
  -ASFR25=0C80h-0CEFh -ASFR26=0D00h-0D6Fh -ASFR27=0D80h-0DEFh \
  -ASFR28=0E00h-0E6Fh -ASFR29=0E80h-0EEFh -ASFR30=0F00h-0F6Fh \
  -ASFR31=0F80h-0FEFh -ACONFIG=08007h-0800Ah -DCONFIG=2 \
  -AIDLOC=08000h-08003h -DIDLOC=2 -AEEDATA=00h-0FFh/0F000h \
  -peeprom_data=EEDATA -DEEDATA=2 -DCODE=2 -DSTRCODE=2 -DSTRING=2 -DCONST=2 \
  -DENTRY=2 -preset_vec=00h,intentry,init,end_init -ppowerup=CODE \
  -pcinit=CODE -pfunctab=ENTRY -k C:\Users\Cody\AppData\Local\Temp\sd6kxj.o \
  dist/default/production\RX_main_driver.X.production.o 

Object code version is 3.11

Machine type is 16F18344



                Name                               Link     Load   Length Selector   Space Scale
C:\Users\Cody\AppData\Local\Temp\sd6kxj.o
                end_init                              2        2        2        0       0
                reset_vec                             0        0        2        0       0
                config                             8007     8007        3        0       4
dist/default/production\RX_main_driver.X.production.o
                cinit                               7F5      7F5        B      FEA       0
                config                             8007     8007        3        0       4
                text23                              E54      E54       19     1CA8       0
                text22                              F7E      F7E       35     1EFC       0
                text21                              FB3      FB3       4D     1F66       0
                text20                              EBD      EBD       20     1D7A       0
                text19                              210      210       D8      420       0
                text18                              EDD      EDD       20     1DBA       0
                text17                              F21      F21       2C     1E42       0
                text16                              EA0      EA0       1D     1D40       0
                text15                              586      586      101      B0C       0
                text14                              49C      49C       EA      938       0
                text13                              E86      E86       1A     1D0C       0
                text12                                5        5        1        A       0
                text11                               2E       2E       4F       5C       0
                text10                                6        6       28        C       0
                text9                               E6D      E6D       19     1CDA       0
                text8                                7D       7D       59       FA       0
                text7                               687      687      16E      D0E       0
                text6                               3C1      3C1       DB      782       0
                text5                               F4D      F4D       31     1E9A       0
                text4                               EFD      EFD       24     1DFA       0
                text3                               E3F      E3F       15     1C7E       0
                text2                               163      163       AD      2C6       0
                text1                               2E8      2E8       D9      5D0       0
                maintext                             D6       D6       8D      1AC       0
                cstackBANK0                          20       20       50       20       1
                cstackCOMMON                         70       70        E       70       1
                cstackBANK1                          C8       C8       25       A0       1
                clrtext                             E39      E39        6     1C72       0
                bssBANK1                             A0       A0       28       A0       1
                stringtext12                        86E      86E        2     1000       0
                stringtext11                        86B      86B        3     1000       0
                stringtext10                        866      866        5     1000       0
                stringtext9                         861      861        5     1000       0
                stringtext8                         859      859        8     1000       0
                stringtext7                         84F      84F        A     1000       0
                stringtext6                         845      845        A     1000       0
                stringtext5                         839      839        C     1000       0
                stringtext4                         82C      82C        D     1000       0
                stringtext3                         81E      81E        E     1000       0
                stringtext2                         80F      80F        F     1000       0
                stringtext1                         800      800        F     1000       0

TOTAL           Name                               Link     Load   Length     Space
        CLASS   STACK          

        CLASS   CODE           
                end_init                              2        2        2         0
                cinit                               7F5      7F5        B         0
                reset_vec                             0        0        2         0
                text23                              E54      E54       19         0
                text22                              F7E      F7E       35         0
                text21                              FB3      FB3       4D         0
                text20                              EBD      EBD       20         0
                text19                              210      210       D8         0
                text18                              EDD      EDD       20         0
                text17                              F21      F21       2C         0
                text16                              EA0      EA0       1D         0
                text15                              586      586      101         0
                text14                              49C      49C       EA         0
                text13                              E86      E86       1A         0
                text12                                5        5        1         0
                text11                               2E       2E       4F         0
                text10                                6        6       28         0
                text9                               E6D      E6D       19         0
                text8                                7D       7D       59         0
                text7                               687      687      16E         0
                text6                               3C1      3C1       DB         0
                text5                               F4D      F4D       31         0
                text4                               EFD      EFD       24         0
                text3                               E3F      E3F       15         0
                text2                               163      163       AD         0
                text1                               2E8      2E8       D9         0
                maintext                             D6       D6       8D         0
                clrtext                             E39      E39        6         0

        CLASS   STRCODE        
                stringtext12                        86E      86E        2         0
                stringtext11                        86B      86B        3         0
                stringtext10                        866      866        5         0
                stringtext9                         861      861        5         0
                stringtext8                         859      859        8         0
                stringtext7                         84F      84F        A         0
                stringtext6                         845      845        A         0
                stringtext5                         839      839        C         0
                stringtext4                         82C      82C        D         0
                stringtext3                         81E      81E        E         0
                stringtext2                         80F      80F        F         0
                stringtext1                         800      800        F         0

        CLASS   STRING         

        CLASS   CONST          

        CLASS   ENTRY          

        CLASS   COMMON         
                cstackCOMMON                         70       70        E         1

        CLASS   BANK0          
                cstackBANK0                          20       20       50         1

        CLASS   BANK1          
                cstackBANK1                          C8       C8       25         1
                bssBANK1                             A0       A0       28         1

        CLASS   BANK2          

        CLASS   BANK3          

        CLASS   BANK4          

        CLASS   BANK5          

        CLASS   BANK6          

        CLASS   BIGRAM         

        CLASS   RAM            

        CLASS   ABS1           
                abs_s1                               7E       7E        2         1

        CLASS   SFR0           

        CLASS   SFR1           

        CLASS   SFR2           

        CLASS   SFR3           

        CLASS   SFR4           

        CLASS   SFR5           

        CLASS   SFR6           

        CLASS   SFR7           

        CLASS   SFR8           

        CLASS   SFR9           

        CLASS   SFR10          

        CLASS   SFR11          

        CLASS   SFR12          

        CLASS   SFR13          

        CLASS   SFR14          

        CLASS   SFR15          

        CLASS   SFR16          

        CLASS   SFR17          

        CLASS   SFR18          

        CLASS   SFR19          

        CLASS   SFR20          

        CLASS   SFR21          

        CLASS   SFR22          

        CLASS   SFR23          

        CLASS   SFR24          

        CLASS   SFR25          

        CLASS   SFR26          

        CLASS   SFR27          

        CLASS   SFR28          

        CLASS   SFR29          

        CLASS   SFR30          

        CLASS   SFR31          

        CLASS   CONFIG         
                config                             8007     8007        3         4

        CLASS   IDLOC          

        CLASS   EEDATA         

        CLASS   BANK31         

        CLASS   BANK30         

        CLASS   BANK29         

        CLASS   BANK28         

        CLASS   BANK27         

        CLASS   BANK26         

        CLASS   BANK25         

        CLASS   BANK24         

        CLASS   BANK23         

        CLASS   BANK22         

        CLASS   BANK21         

        CLASS   BANK20         

        CLASS   BANK19         

        CLASS   BANK18         

        CLASS   BANK17         

        CLASS   BANK16         

        CLASS   BANK15         

        CLASS   BANK14         

        CLASS   BANK13         

        CLASS   BANK12         

        CLASS   BANK11         

        CLASS   BANK10         

        CLASS   BANK9          

        CLASS   BANK8          

        CLASS   BANK7          



SEGMENTS        Name                           Load    Length   Top    Selector   Space  Class     Delta

                reset_vec                      000000  000004  000004         0       0  CODE        2
                text12                         000005  000001  000006         A       0  CODE        2
                text10                         000006  000028  00002E         C       0  CODE        2
                cstackBANK0                    000020  000050  000070        20       1  BANK0       1
                text11                         00002E  00004F  00007D        5C       0  CODE        2
                cstackCOMMON                   000070  00000E  00007E        70       1  COMMON      1
                bssBANK1                       0000A0  00004D  0000ED        A0       1  BANK1       1
                text8                          00007D  000059  0000D6        FA       0  CODE        2
                maintext                       0000D6  00008D  000163       1AC       0  CODE        2
                text2                          000163  0000AD  000210       2C6       0  CODE        2
                text19                         000210  0000D8  0002E8       420       0  CODE        2
                text1                          0002E8  0000D9  0003C1       5D0       0  CODE        2
                text6                          0003C1  0000DB  00049C       782       0  CODE        2
                text14                         00049C  0000EA  000586       938       0  CODE        2
                text15                         000586  000101  000687       B0C       0  CODE        2
                text7                          000687  00016E  0007F5       D0E       0  CODE        2
                cinit                          0007F5  00000B  000800       FEA       0  CODE        2
                stringtext1                    000800  000070  000870      1000       0  STRCODE     2
                clrtext                        000E39  000006  000E3F      1C72       0  CODE        2
                text3                          000E3F  000015  000E54      1C7E       0  CODE        2
                text23                         000E54  000019  000E6D      1CA8       0  CODE        2
                text9                          000E6D  000019  000E86      1CDA       0  CODE        2
                text13                         000E86  00001A  000EA0      1D0C       0  CODE        2
                text16                         000EA0  00001D  000EBD      1D40       0  CODE        2
                text20                         000EBD  000020  000EDD      1D7A       0  CODE        2
                text18                         000EDD  000020  000EFD      1DBA       0  CODE        2
                text4                          000EFD  000024  000F21      1DFA       0  CODE        2
                text17                         000F21  00002C  000F4D      1E42       0  CODE        2
                text5                          000F4D  000031  000F7E      1E9A       0  CODE        2
                text22                         000F7E  000035  000FB3      1EFC       0  CODE        2
                text21                         000FB3  00004D  001000      1F66       0  CODE        2


UNUSED ADDRESS RANGES

        Name                Unused          Largest block    Delta
        BANK1            000ED-000EF               3           1
        BANK2            00120-0016F              50           1
        BANK3            001A0-001EF              50           1
        BANK4            00220-0026F              50           1
        BANK5            002A0-002EF              50           1
        BANK6            00320-0032F              10           1
        BIGRAM           02000-021EF             1F0           1
        CODE             00004-00004               1           2
                         00870-00E38             5C9
        CONFIG           0800A-0800A               1           2
        CONST            00004-00004               1           2
                         00870-00E38             100
        EEDATA           0F000-0F0FF             100           2
        ENTRY            00004-00004               1           2
                         00870-00E38             100
        IDLOC            08000-08003               4           2
        RAM              000ED-000EF               3           1
                         00120-0016F              50
                         001A0-001EF              50
                         00220-0026F              50
                         002A0-002EF              50
                         00320-0032F              10
        SFR0             00000-0001F              20           1
        SFR1             00080-0009F              20           1
        SFR10            00500-0056F              70           1
        SFR11            00580-005EF              70           1
        SFR12            00600-0066F              70           1
        SFR13            00680-006EF              70           1
        SFR14            00700-0076F              70           1
        SFR15            00780-007EF              70           1
        SFR16            00800-0086F              70           1
        SFR17            00880-008EF              70           1
        SFR18            00900-0096F              70           1
        SFR19            00980-009EF              70           1
        SFR2             00100-0011F              20           1
        SFR20            00A00-00A6F              70           1
        SFR21            00A80-00AEF              70           1
        SFR22            00B00-00B6F              70           1
        SFR23            00B80-00BEF              70           1
        SFR24            00C00-00C6F              70           1
        SFR25            00C80-00CEF              70           1
        SFR26            00D00-00D6F              70           1
        SFR27            00D80-00DEF              70           1
        SFR28            00E00-00E6F              70           1
        SFR29            00E80-00EEF              70           1
        SFR3             00180-0019F              20           1
        SFR30            00F00-00F6F              70           1
        SFR31            00F80-00FEF              70           1
        SFR4             00200-0021F              20           1
        SFR5             00280-0029F              20           1
        SFR6             00300-0031F              20           1
        SFR7             00380-003EF              70           1
        SFR8             00400-0046F              70           1
        SFR9             00480-004EF              70           1
        STACK            0209D-021EF             153           1
        STRCODE          00004-00004               1           2
                         00870-00E38             5C9
        STRING           00004-00004               1           2
                         00870-00E38             100

                                  Symbol Table

?___aodiv                   cstackBANK0  00020
?___aomod                   cstackBANK0  00020
?_abs                       cstackCOMMON 00073
?_dtoa                      cstackBANK0  00030
?_pad                       cstackBANK0  00024
?_sprintf                   cstackBANK0  00066
?_strlen                    cstackCOMMON 00070
?_vfpfcnvrt                 cstackBANK0  0004E
?_vfprintf                  cstackBANK0  0005E
LCD_Print_num@num           cstackBANK0  0006A
LCD_Print_num@str           cstackBANK1  000D1
LCD_row_set@row             cstackCOMMON 00079
Lcd_Print_Char@Lower_Nibble cstackCOMMON 00072
Lcd_Print_Char@Upper_Nibble cstackCOMMON 00073
Lcd_Print_Char@data         cstackCOMMON 00074
Lcd_Print_String@a          cstackCOMMON 00075
Lcd_Print_String@i          cstackCOMMON 00078
Lcd_SetBit@data_bit         cstackCOMMON 00070
Print_DTMF_data@press       cstackBANK1  000DF
Print_DTMF_data@speed       cstackBANK1  000DD
Print_DTMF_data@temp        cstackBANK1  000DB
_ANSELB                     (abs)        0018D
_ANSELC                     (abs)        0018E
_DTMF_start                 text23       00E54
_LATC                       (abs)        0010E
_LCD_Print_num              text3        00E3F
_LCD_init                   text19       00210
_LCD_row_set                text21       00FB3
_LDC_clear                  text20       00EBD
_Lcd_Print_Char             text17       00F21
_Lcd_Print_String           text16       00EA0
_Lcd_SetBit                 text18       00EDD
_PORTB                      (abs)        0000D
_Print_DTMF_data            text2        00163
_RB4                        (abs)        0006C
_RB5                        (abs)        0006D
_RB6                        (abs)        0006E
_RB7                        (abs)        0006F
_RC0                        (abs)        00070
_RC1                        (abs)        00071
_RC3                        (abs)        00073
_RC4                        (abs)        00074
_RC5                        (abs)        00075
_RC6                        (abs)        00076
_RC7                        (abs)        00077
_TRISA                      (abs)        0008C
_TRISB                      (abs)        0008D
_TRISC                      (abs)        0008E
__Habs1                     abs1         00000
__Hbank0                    bank0        00000
__Hbank1                    bank1        00000
__Hbank10                   bank10       00000
__Hbank11                   bank11       00000
__Hbank12                   bank12       00000
__Hbank13                   bank13       00000
__Hbank14                   bank14       00000
__Hbank15                   bank15       00000
__Hbank16                   bank16       00000
__Hbank17                   bank17       00000
__Hbank18                   bank18       00000
__Hbank19                   bank19       00000
__Hbank2                    bank2        00000
__Hbank20                   bank20       00000
__Hbank21                   bank21       00000
__Hbank22                   bank22       00000
__Hbank23                   bank23       00000
__Hbank24                   bank24       00000
__Hbank25                   bank25       00000
__Hbank26                   bank26       00000
__Hbank27                   bank27       00000
__Hbank28                   bank28       00000
__Hbank29                   bank29       00000
__Hbank3                    bank3        00000
__Hbank30                   bank30       00000
__Hbank31                   bank31       00000
__Hbank4                    bank4        00000
__Hbank5                    bank5        00000
__Hbank6                    bank6        00000
__Hbank7                    bank7        00000
__Hbank8                    bank8        00000
__Hbank9                    bank9        00000
__Hbigram                   bigram       00000
__HbssBANK1                 bssBANK1     00000
__Hcinit                    cinit        00800
__Hclrtext                  clrtext      00000
__Hcode                     code         00000
__Hcommon                   common       00000
__Hconfig                   config       0800A
__HcstackBANK0              cstackBANK0  00000
__HcstackBANK1              cstackBANK1  00000
__HcstackCOMMON             cstackCOMMON 00000
__Heeprom_data              eeprom_data  00000
__Hend_init                 end_init     00004
__Hfunctab                  functab      00000
__Hinit                     init         00002
__Hintentry                 intentry     00002
__Hmaintext                 maintext     00000
__Hpowerup                  powerup      00000
__Hram                      ram          00000
__Hreset_vec                reset_vec    00002
__Hsfr0                     sfr0         00000
__Hsfr1                     sfr1         00000
__Hsfr10                    sfr10        00000
__Hsfr11                    sfr11        00000
__Hsfr12                    sfr12        00000
__Hsfr13                    sfr13        00000
__Hsfr14                    sfr14        00000
__Hsfr15                    sfr15        00000
__Hsfr16                    sfr16        00000
__Hsfr17                    sfr17        00000
__Hsfr18                    sfr18        00000
__Hsfr19                    sfr19        00000
__Hsfr2                     sfr2         00000
__Hsfr20                    sfr20        00000
__Hsfr21                    sfr21        00000
__Hsfr22                    sfr22        00000
__Hsfr23                    sfr23        00000
__Hsfr24                    sfr24        00000
__Hsfr25                    sfr25        00000
__Hsfr26                    sfr26        00000
__Hsfr27                    sfr27        00000
__Hsfr28                    sfr28        00000
__Hsfr29                    sfr29        00000
__Hsfr3                     sfr3         00000
__Hsfr30                    sfr30        00000
__Hsfr31                    sfr31        00000
__Hsfr4                     sfr4         00000
__Hsfr5                     sfr5         00000
__Hsfr6                     sfr6         00000
__Hsfr7                     sfr7         00000
__Hsfr8                     sfr8         00000
__Hsfr9                     sfr9         00000
__Hspace_0                  (abs)        01000
__Hspace_1                  (abs)        000ED
__Hspace_2                  (abs)        00000
__Hspace_3                  (abs)        00000
__Hspace_4                  (abs)        10011
__Hstack                    stack        00000
__Hstrings                  strings      00000
__Hstringtext1              stringtext1  00000
__Hstringtext10             stringtext10 00000
__Hstringtext11             stringtext11 00000
__Hstringtext12             stringtext12 00000
__Hstringtext13             stringtext13 00000
__Hstringtext2              stringtext2  00000
__Hstringtext3              stringtext3  00000
__Hstringtext4              stringtext4  00000
__Hstringtext5              stringtext5  00000
__Hstringtext6              stringtext6  00000
__Hstringtext7              stringtext7  00000
__Hstringtext8              stringtext8  00000
__Hstringtext9              stringtext9  00000
__Htext                     text         00000
__Labs1                     abs1         00000
__Lbank0                    bank0        00000
__Lbank1                    bank1        00000
__Lbank10                   bank10       00000
__Lbank11                   bank11       00000
__Lbank12                   bank12       00000
__Lbank13                   bank13       00000
__Lbank14                   bank14       00000
__Lbank15                   bank15       00000
__Lbank16                   bank16       00000
__Lbank17                   bank17       00000
__Lbank18                   bank18       00000
__Lbank19                   bank19       00000
__Lbank2                    bank2        00000
__Lbank20                   bank20       00000
__Lbank21                   bank21       00000
__Lbank22                   bank22       00000
__Lbank23                   bank23       00000
__Lbank24                   bank24       00000
__Lbank25                   bank25       00000
__Lbank26                   bank26       00000
__Lbank27                   bank27       00000
__Lbank28                   bank28       00000
__Lbank29                   bank29       00000
__Lbank3                    bank3        00000
__Lbank30                   bank30       00000
__Lbank31                   bank31       00000
__Lbank4                    bank4        00000
__Lbank5                    bank5        00000
__Lbank6                    bank6        00000
__Lbank7                    bank7        00000
__Lbank8                    bank8        00000
__Lbank9                    bank9        00000
__Lbigram                   bigram       00000
__LbssBANK1                 bssBANK1     00000
__Lcinit                    cinit        007F5
__Lclrtext                  clrtext      00000
__Lcode                     code         00000
__Lcommon                   common       00000
__Lconfig                   config       00000
__LcstackBANK0              cstackBANK0  00000
__LcstackBANK1              cstackBANK1  00000
__LcstackCOMMON             cstackCOMMON 00000
__Leeprom_data              eeprom_data  00000
__Lend_init                 end_init     00002
__Lfunctab                  functab      00000
__Linit                     init         00002
__Lintentry                 intentry     00002
__Lmaintext                 maintext     00000
__Lpowerup                  powerup      00000
__Lram                      ram          00000
__Lreset_vec                reset_vec    00000
__Lsfr0                     sfr0         00000
__Lsfr1                     sfr1         00000
__Lsfr10                    sfr10        00000
__Lsfr11                    sfr11        00000
__Lsfr12                    sfr12        00000
__Lsfr13                    sfr13        00000
__Lsfr14                    sfr14        00000
__Lsfr15                    sfr15        00000
__Lsfr16                    sfr16        00000
__Lsfr17                    sfr17        00000
__Lsfr18                    sfr18        00000
__Lsfr19                    sfr19        00000
__Lsfr2                     sfr2         00000
__Lsfr20                    sfr20        00000
__Lsfr21                    sfr21        00000
__Lsfr22                    sfr22        00000
__Lsfr23                    sfr23        00000
__Lsfr24                    sfr24        00000
__Lsfr25                    sfr25        00000
__Lsfr26                    sfr26        00000
__Lsfr27                    sfr27        00000
__Lsfr28                    sfr28        00000
__Lsfr29                    sfr29        00000
__Lsfr3                     sfr3         00000
__Lsfr30                    sfr30        00000
__Lsfr31                    sfr31        00000
__Lsfr4                     sfr4         00000
__Lsfr5                     sfr5         00000
__Lsfr6                     sfr6         00000
__Lsfr7                     sfr7         00000
__Lsfr8                     sfr8         00000
__Lsfr9                     sfr9         00000
__Lspace_0                  (abs)        00000
__Lspace_1                  (abs)        00000
__Lspace_2                  (abs)        00000
__Lspace_3                  (abs)        00000
__Lspace_4                  (abs)        00000
__Lstack                    stack        00000
__Lstrings                  strings      00000
__Lstringtext1              stringtext1  00000
__Lstringtext10             stringtext10 00000
__Lstringtext11             stringtext11 00000
__Lstringtext12             stringtext12 00000
__Lstringtext13             stringtext13 00000
__Lstringtext2              stringtext2  00000
__Lstringtext3              stringtext3  00000
__Lstringtext4              stringtext4  00000
__Lstringtext5              stringtext5  00000
__Lstringtext6              stringtext6  00000
__Lstringtext7              stringtext7  00000
__Lstringtext8              stringtext8  00000
__Lstringtext9              stringtext9  00000
__Ltext                     text         00000
__S0                        (abs)        01000
__S1                        (abs)        000ED
__S2                        (abs)        00000
__S3                        (abs)        00000
___aodiv                    text15       00586
___aodiv@counter            cstackCOMMON 00071
___aodiv@dividend           cstackBANK0  00028
___aodiv@divisor            cstackBANK0  00020
___aodiv@quotient           cstackCOMMON 00073
___aodiv@sign               cstackCOMMON 00072
___aomod                    text14       0049C
___aomod@counter            cstackCOMMON 00071
___aomod@dividend           cstackBANK0  00028
___aomod@divisor            cstackBANK0  00020
___aomod@sign               cstackCOMMON 00072
___int_sp                   stack        00000
___latbits                  (abs)        00001
___sp                       stack        00000
___stackhi                  (abs)        021EF
___stacklo                  (abs)        0209D
__end_of_DTMF_start         text23       00E6D
__end_of_LCD_Print_num      text3        00E54
__end_of_LCD_init           text19       002E8
__end_of_LCD_row_set        text21       01000
__end_of_LDC_clear          text20       00EDD
__end_of_Lcd_Print_Char     text17       00F4D
__end_of_Lcd_Print_String   text16       00EBD
__end_of_Lcd_SetBit         text18       00EFD
__end_of_Print_DTMF_data    text2        00210
__end_of___aodiv            text15       00687
__end_of___aomod            text14       00586
__end_of__initialization    cinit        007FD
__end_of_abs                text13       00EA0
__end_of_dtoa               text7        007F5
__end_of_fputc              text11       0007D
__end_of_fputs              text10       0002E
__end_of_main               maintext     00163
__end_of_pad                text8        000D6
__end_of_putch              text12       00006
__end_of_read_DTMF_Data     text1        003C1
__end_of_send_CMD           text22       00FB3
__end_of_sprintf            text4        00F21
__end_of_strlen             text9        00E86
__end_of_vfpfcnvrt          text6        0049C
__end_of_vfprintf           text5        00F7E
__initialization            cinit        007F5
__pbssBANK1                 bssBANK1     000A0
__pcstackBANK0              cstackBANK0  00020
__pcstackBANK1              cstackBANK1  000C8
__pcstackCOMMON             cstackCOMMON 00070
__pmaintext                 maintext     000D6
__pstringtext1              stringtext1  00800
__pstringtext10             stringtext10 00866
__pstringtext11             stringtext11 0086B
__pstringtext12             stringtext12 0086E
__pstringtext13             stringtext13 00000
__pstringtext2              stringtext2  0080F
__pstringtext3              stringtext3  0081E
__pstringtext4              stringtext4  0082C
__pstringtext5              stringtext5  00839
__pstringtext6              stringtext6  00845
__pstringtext7              stringtext7  0084F
__pstringtext8              stringtext8  00859
__pstringtext9              stringtext9  00861
__ptext1                    text1        002E8
__ptext10                   text10       00006
__ptext11                   text11       0002E
__ptext12                   text12       00005
__ptext13                   text13       00E86
__ptext14                   text14       0049C
__ptext15                   text15       00586
__ptext16                   text16       00EA0
__ptext17                   text17       00F21
__ptext18                   text18       00EDD
__ptext19                   text19       00210
__ptext2                    text2        00163
__ptext20                   text20       00EBD
__ptext21                   text21       00FB3
__ptext22                   text22       00F7E
__ptext23                   text23       00E54
__ptext3                    text3        00E3F
__ptext4                    text4        00EFD
__ptext5                    text5        00F4D
__ptext6                    text6        003C1
__ptext7                    text7        00687
__ptext8                    text8        0007D
__ptext9                    text9        00E6D
__size_of_DTMF_start        (abs)        00000
__size_of_LCD_Print_num     (abs)        00000
__size_of_LCD_init          (abs)        00000
__size_of_LCD_row_set       (abs)        00000
__size_of_LDC_clear         (abs)        00000
__size_of_Lcd_Print_Char    (abs)        00000
__size_of_Lcd_Print_String  (abs)        00000
__size_of_Lcd_SetBit        (abs)        00000
__size_of_Print_DTMF_data   (abs)        00000
__size_of___aodiv           (abs)        00000
__size_of___aomod           (abs)        00000
__size_of_abs               (abs)        00000
__size_of_dtoa              (abs)        00000
__size_of_fputc             (abs)        00000
__size_of_fputs             (abs)        00000
__size_of_main              (abs)        00000
__size_of_pad               (abs)        00000
__size_of_putch             (abs)        00000
__size_of_read_DTMF_Data    (abs)        00000
__size_of_send_CMD          (abs)        00000
__size_of_sprintf           (abs)        00000
__size_of_strlen            (abs)        00000
__size_of_vfpfcnvrt         (abs)        00000
__size_of_vfprintf          (abs)        00000
_abs                        text13       00E86
_dbuf                       bssBANK1     000A8
_dtoa                       text7        00687
_dtoa$662                   cstackBANK0  0003B
_flags                      bssBANK1     000A6
_fputc                      text11       0002E
_fputs                      text10       00006
_main                       maintext     000D6
_nout                       bssBANK1     000A0
_pad                        text8        0007D
_prec                       bssBANK1     000A4
_putch                      text12       00005
_read_DTMF_Data             text1        002E8
_send_CMD                   text22       00F7E
_sprintf                    text4        00EFD
_strlen                     text9        00E6D
_vfpfcnvrt                  text6        003C1
_vfprintf                   text5        00F4D
_width                      bssBANK1     000A2
abs@a                       cstackCOMMON 00073
btemp                       (abs)        0007E
clear_ram0                  clrtext      00E39
dtoa@d                      cstackBANK0  00030
dtoa@fp                     cstackBANK0  0003D
dtoa@i                      cstackBANK0  0004C
dtoa@n                      cstackBANK0  00044
dtoa@p                      cstackBANK0  0003E
dtoa@s                      cstackBANK0  00042
dtoa@w                      cstackBANK0  00040
end_of_initialization       cinit        007FD
fputc@c                     cstackCOMMON 00070
fputc@fp                    cstackCOMMON 00072
fputs@c                     cstackBANK0  00020
fputs@fp                    cstackCOMMON 00078
fputs@i                     cstackBANK0  00021
fputs@s                     cstackBANK0  00023
intlevel0                   functab      00000
intlevel1                   functab      00000
intlevel2                   functab      00000
intlevel3                   functab      00000
intlevel4                   functab      00000
intlevel5                   functab      00000
pad@buf                     cstackBANK0  00024
pad@fp                      cstackBANK0  0002B
pad@i                       cstackBANK0  00027
pad@p                       cstackBANK0  00025
pad@w                       cstackBANK0  00029
read_DTMF_Data@low          cstackBANK1  000E9
read_DTMF_Data@press        cstackBANK1  000E5
read_DTMF_Data@temp         cstackBANK1  000E1
read_DTMF_Data@up           cstackBANK1  000E7
read_DTMF_Data@wind         cstackBANK1  000E3
reset_vec                   reset_vec    00000
send_CMD@d4                 cstackCOMMON 00076
send_CMD@d5                 cstackCOMMON 00074
send_CMD@d6                 cstackCOMMON 00072
send_CMD@d7                 cstackCOMMON 00070
sprintf@ap                  cstackBANK1  000CA
sprintf@f                   cstackBANK1  000CC
sprintf@fmt                 cstackBANK0  00066
sprintf@s                   cstackBANK1  000CB
start                       init         00002
start_initialization        cinit        007F5
strlen@a                    cstackCOMMON 00073
strlen@s                    cstackCOMMON 00074
vfpfcnvrt@ap                cstackBANK0  0004F
vfpfcnvrt@fmt               cstackBANK0  0004E
vfpfcnvrt@fp                cstackBANK0  0005D
vfpfcnvrt@ll                cstackBANK0  00055
vfprintf@ap                 cstackBANK0  00060
vfprintf@cfmt               cstackBANK0  00064
vfprintf@fmt                cstackBANK0  0005E
vfprintf@fp                 cstackBANK0  00063
wtemp0                      (abs)        0007E


FUNCTION INFORMATION:

 *************** function _main *****************
 Defined at:
		line 10 in file "Main.c"
 Parameters:    Size  Location     Type
		None
 Auto vars:     Size  Location     Type
		None
 Return value:  Size  Location     Type
                  1    wreg      void 
 Registers used:
		wreg, fsr0l, fsr0h, fsr1l, fsr1h, status,2, status,0, pclath, cstack
 Tracked objects:
		On entry : 
		On exit  : 
		Unchanged: 
 Data sizes:     COMMON   BANK0   BANK1   BANK2   BANK3   BANK4   BANK5   BANK6
      Params:         0       0       0       0       0       0       0       0
      Locals:         0       0       0       0       0       0       0       0
      Temps:          0       0       2       0       0       0       0       0
      Totals:         0       0       2       0       0       0       0       0
Total ram usage:        2 bytes
 Hardware stack levels required when called:   11
 This function calls:
		_DTMF_start
		_LCD_init
		_LCD_row_set
		_LDC_clear
		_Lcd_Print_String
		_read_DTMF_Data
 This function is called by:
		Startup code after reset
 This function uses a non-reentrant model


 *************** function _read_DTMF_Data *****************
 Defined at:
		line 26 in file "./DTMF_Drivers.h"
 Parameters:    Size  Location     Type
		None
 Auto vars:     Size  Location     Type
  low             2   33[BANK1 ] int 
  up              2   31[BANK1 ] int 
  press           2   29[BANK1 ] int 
  wind            2   27[BANK1 ] int 
  temp            2   25[BANK1 ] int 
 Return value:  Size  Location     Type
                  1    wreg      void 
 Registers used:
		wreg, fsr0l, fsr0h, fsr1l, fsr1h, status,2, status,0, pclath, cstack
 Tracked objects:
		On entry : 
		On exit  : 
		Unchanged: 
 Data sizes:     COMMON   BANK0   BANK1   BANK2   BANK3   BANK4   BANK5   BANK6
      Params:         0       0       0       0       0       0       0       0
      Locals:         0       0      10       0       0       0       0       0
      Temps:          0       2       0       0       0       0       0       0
      Totals:         0       2      10       0       0       0       0       0
Total ram usage:       12 bytes
 Hardware stack levels used:    1
 Hardware stack levels required when called:   10
 This function calls:
		_Print_DTMF_data
 This function is called by:
		_main
 This function uses a non-reentrant model


 *************** function _Print_DTMF_data *****************
 Defined at:
		line 52 in file "./DTMF_Drivers.h"
 Parameters:    Size  Location     Type
  temp            2   19[BANK1 ] int 
  speed           2   21[BANK1 ] int 
  press           2   23[BANK1 ] int 
 Auto vars:     Size  Location     Type
		None
 Return value:  Size  Location     Type
                  1    wreg      void 
 Registers used:
		wreg, fsr0l, fsr0h, fsr1l, fsr1h, status,2, status,0, pclath, cstack
 Tracked objects:
		On entry : 
		On exit  : 
		Unchanged: 
 Data sizes:     COMMON   BANK0   BANK1   BANK2   BANK3   BANK4   BANK5   BANK6
      Params:         0       0       6       0       0       0       0       0
      Locals:         0       0       0       0       0       0       0       0
      Temps:          0       2       0       0       0       0       0       0
      Totals:         0       2       6       0       0       0       0       0
Total ram usage:        8 bytes
 Hardware stack levels used:    1
 Hardware stack levels required when called:    9
 This function calls:
		_LCD_Print_num
		_LCD_row_set
		_LDC_clear
		_Lcd_Print_Char
		_Lcd_Print_String
 This function is called by:
		_read_DTMF_Data
 This function uses a non-reentrant model


 *************** function _LCD_Print_num *****************
 Defined at:
		line 127 in file "./LCD_Drivers.h"
 Parameters:    Size  Location     Type
  num             2   74[BANK0 ] int 
 Auto vars:     Size  Location     Type
  str            10    9[BANK1 ] unsigned char [10]
 Return value:  Size  Location     Type
                  1    wreg      void 
 Registers used:
		wreg, fsr0l, fsr0h, fsr1l, fsr1h, status,2, status,0, pclath, cstack
 Tracked objects:
		On entry : 
		On exit  : 
		Unchanged: 
 Data sizes:     COMMON   BANK0   BANK1   BANK2   BANK3   BANK4   BANK5   BANK6
      Params:         0       2       0       0       0       0       0       0
      Locals:         0       0      10       0       0       0       0       0
      Temps:          0       0       0       0       0       0       0       0
      Totals:         0       2      10       0       0       0       0       0
Total ram usage:       12 bytes
 Hardware stack levels used:    1
 Hardware stack levels required when called:    8
 This function calls:
		_Lcd_Print_String
		_sprintf
 This function is called by:
		_Print_DTMF_data
		_hexTest
 This function uses a non-reentrant model


 *************** function _sprintf *****************
 Defined at:
		line 9 in file "C:\Program Files\Microchip\xc8\v2.30\pic\sources\c99\common\nf_sprintf.c"
 Parameters:    Size  Location     Type
  s               1    wreg     PTR unsigned char 
		 -> LCD_Print_num@str(10), 
  fmt             2   70[BANK0 ] PTR const unsigned char 
		 -> STR_1(3), 
 Auto vars:     Size  Location     Type
  s               1    3[BANK1 ] PTR unsigned char 
		 -> LCD_Print_num@str(10), 
  f               5    4[BANK1 ] struct _IO_FILE
  ret             2    0        int 
  ap              1    2[BANK1 ] PTR void [1]
		 -> ?_sprintf(2), 
 Return value:  Size  Location     Type
                  2   70[BANK0 ] int 
 Registers used:
		wreg, fsr0l, fsr0h, fsr1l, fsr1h, status,2, status,0, pclath, cstack
 Tracked objects:
		On entry : 
		On exit  : 
		Unchanged: 
 Data sizes:     COMMON   BANK0   BANK1   BANK2   BANK3   BANK4   BANK5   BANK6
      Params:         0       4       0       0       0       0       0       0
      Locals:         0       0       9       0       0       0       0       0
      Temps:          1       0       0       0       0       0       0       0
      Totals:         1       4       9       0       0       0       0       0
Total ram usage:       14 bytes
 Hardware stack levels used:    1
 Hardware stack levels required when called:    7
 This function calls:
		_vfprintf
 This function is called by:
		_LCD_Print_num
 This function uses a non-reentrant model


 *************** function _vfprintf *****************
 Defined at:
		line 1390 in file "C:\Program Files\Microchip\xc8\v2.30\pic\sources\c99\common\doprnt.c"
 Parameters:    Size  Location     Type
  fp              1    wreg     PTR struct _IO_FILE
		 -> sprintf@f(5), 
  fmt             2   62[BANK0 ] PTR const unsigned char 
		 -> STR_1(3), 
  ap              1   64[BANK0 ] PTR PTR void 
		 -> sprintf@ap(1), 
 Auto vars:     Size  Location     Type
  fp              1   67[BANK0 ] PTR struct _IO_FILE
		 -> sprintf@f(5), 
  cfmt            2   68[BANK0 ] PTR unsigned char 
		 -> STR_1(3), 
 Return value:  Size  Location     Type
                  2   62[BANK0 ] int 
 Registers used:
		wreg, fsr0l, fsr0h, fsr1l, fsr1h, status,2, status,0, pclath, cstack
 Tracked objects:
		On entry : 
		On exit  : 
		Unchanged: 
 Data sizes:     COMMON   BANK0   BANK1   BANK2   BANK3   BANK4   BANK5   BANK6
      Params:         0       3       0       0       0       0       0       0
      Locals:         0       3       0       0       0       0       0       0
      Temps:          0       2       0       0       0       0       0       0
      Totals:         0       8       0       0       0       0       0       0
Total ram usage:        8 bytes
 Hardware stack levels used:    1
 Hardware stack levels required when called:    6
 This function calls:
		_vfpfcnvrt
 This function is called by:
		_sprintf
 This function uses a non-reentrant model


 *************** function _vfpfcnvrt *****************
 Defined at:
		line 692 in file "C:\Program Files\Microchip\xc8\v2.30\pic\sources\c99\common\doprnt.c"
 Parameters:    Size  Location     Type
  fp              1    wreg     PTR struct _IO_FILE
		 -> sprintf@f(5), 
  fmt             1   46[BANK0 ] PTR PTR unsigned char 
		 -> vfprintf@cfmt(2), 
  ap              1   47[BANK0 ] PTR PTR void 
		 -> sprintf@ap(1), 
 Auto vars:     Size  Location     Type
  fp              1   61[BANK0 ] PTR struct _IO_FILE
		 -> sprintf@f(5), 
  ll              8   53[BANK0 ] long long 
  llu             8    0        unsigned long long 
  f               4    0        unsigned long long 
  ct              3    0        unsigned char [3]
  vp              2    0        PTR void 
  i               2    0        int 
  done            2    0        int 
  cp              2    0        PTR unsigned char 
  c               1    0        unsigned char 
 Return value:  Size  Location     Type
                  2   46[BANK0 ] int 
 Registers used:
		wreg, fsr0l, fsr0h, fsr1l, fsr1h, status,2, status,0, pclath, cstack
 Tracked objects:
		On entry : 
		On exit  : 
		Unchanged: 
 Data sizes:     COMMON   BANK0   BANK1   BANK2   BANK3   BANK4   BANK5   BANK6
      Params:         0       2       0       0       0       0       0       0
      Locals:         0       9       0       0       0       0       0       0
      Temps:          0       5       0       0       0       0       0       0
      Totals:         0      16       0       0       0       0       0       0
Total ram usage:       16 bytes
 Hardware stack levels used:    1
 Hardware stack levels required when called:    5
 This function calls:
		_dtoa
		_fputc
 This function is called by:
		_vfprintf
 This function uses a non-reentrant model


 *************** function _dtoa *****************
 Defined at:
		line 287 in file "C:\Program Files\Microchip\xc8\v2.30\pic\sources\c99\common\doprnt.c"
 Parameters:    Size  Location     Type
  fp              1    wreg     PTR struct _IO_FILE
		 -> sprintf@f(5), 
  d               8   16[BANK0 ] long long 
 Auto vars:     Size  Location     Type
  fp              1   29[BANK0 ] PTR struct _IO_FILE
		 -> sprintf@f(5), 
  n               8   36[BANK0 ] long long 
  i               2   44[BANK0 ] int 
  s               2   34[BANK0 ] int 
  w               2   32[BANK0 ] int 
  p               2   30[BANK0 ] int 
 Return value:  Size  Location     Type
                  2   16[BANK0 ] int 
 Registers used:
		wreg, fsr0l, fsr0h, fsr1l, fsr1h, status,2, status,0, pclath, cstack
 Tracked objects:
		On entry : 
		On exit  : 
		Unchanged: 
 Data sizes:     COMMON   BANK0   BANK1   BANK2   BANK3   BANK4   BANK5   BANK6
      Params:         0       8       0       0       0       0       0       0
      Locals:         0      19       0       0       0       0       0       0
      Temps:          0       3       0       0       0       0       0       0
      Totals:         0      30       0       0       0       0       0       0
Total ram usage:       30 bytes
 Hardware stack levels used:    1
 Hardware stack levels required when called:    4
 This function calls:
		___aodiv
		___aomod
		_abs
		_pad
 This function is called by:
		_vfpfcnvrt
 This function uses a non-reentrant model


 *************** function _pad *****************
 Defined at:
		line 72 in file "C:\Program Files\Microchip\xc8\v2.30\pic\sources\c99\common\doprnt.c"
 Parameters:    Size  Location     Type
  fp              1    wreg     PTR struct _IO_FILE
		 -> sprintf@f(5), 
  buf             1    4[BANK0 ] PTR unsigned char 
		 -> dbuf(32), 
  p               2    5[BANK0 ] int 
 Auto vars:     Size  Location     Type
  fp              1   11[BANK0 ] PTR struct _IO_FILE
		 -> sprintf@f(5), 
  w               2    9[BANK0 ] int 
  i               2    7[BANK0 ] int 
 Return value:  Size  Location     Type
                  2    4[BANK0 ] int 
 Registers used:
		wreg, fsr0l, fsr0h, fsr1l, fsr1h, status,2, status,0, pclath, cstack
 Tracked objects:
		On entry : 
		On exit  : 
		Unchanged: 
 Data sizes:     COMMON   BANK0   BANK1   BANK2   BANK3   BANK4   BANK5   BANK6
      Params:         0       3       0       0       0       0       0       0
      Locals:         0       5       0       0       0       0       0       0
      Temps:          1       0       0       0       0       0       0       0
      Totals:         1       8       0       0       0       0       0       0
Total ram usage:        9 bytes
 Hardware stack levels used:    1
 Hardware stack levels required when called:    3
 This function calls:
		_fputc
		_fputs
		_strlen
 This function is called by:
		_dtoa
 This function uses a non-reentrant model


 *************** function _strlen *****************
 Defined at:
		line 5 in file "C:\Program Files\Microchip\xc8\v2.30\pic\sources\c99\common\strlen.c"
 Parameters:    Size  Location     Type
  s               1    wreg     PTR const unsigned char 
		 -> dbuf(32), 
 Auto vars:     Size  Location     Type
  s               1    4[COMMON] PTR const unsigned char 
		 -> dbuf(32), 
  a               1    3[COMMON] PTR const unsigned char 
		 -> dbuf(32), 
 Return value:  Size  Location     Type
                  2    0[COMMON] unsigned int 
 Registers used:
		wreg, fsr1l, fsr1h, status,2, status,0
 Tracked objects:
		On entry : 
		On exit  : 
		Unchanged: 
 Data sizes:     COMMON   BANK0   BANK1   BANK2   BANK3   BANK4   BANK5   BANK6
      Params:         2       0       0       0       0       0       0       0
      Locals:         2       0       0       0       0       0       0       0
      Temps:          1       0       0       0       0       0       0       0
      Totals:         5       0       0       0       0       0       0       0
Total ram usage:        5 bytes
 Hardware stack levels used:    1
 This function calls:
		Nothing
 This function is called by:
		_pad
 This function uses a non-reentrant model


 *************** function _fputs *****************
 Defined at:
		line 8 in file "C:\Program Files\Microchip\xc8\v2.30\pic\sources\c99\common\nf_fputs.c"
 Parameters:    Size  Location     Type
  s               1    wreg     PTR const unsigned char 
		 -> dbuf(32), 
  fp              1    8[COMMON] PTR struct _IO_FILE
		 -> sprintf@f(5), 
 Auto vars:     Size  Location     Type
  s               1    3[BANK0 ] PTR const unsigned char 
		 -> dbuf(32), 
  i               2    1[BANK0 ] int 
  c               1    0[BANK0 ] unsigned char 
 Return value:  Size  Location     Type
                  2    8[COMMON] int 
 Registers used:
		wreg, fsr0l, fsr0h, fsr1l, fsr1h, status,2, status,0, pclath, cstack
 Tracked objects:
		On entry : 
		On exit  : 
		Unchanged: 
 Data sizes:     COMMON   BANK0   BANK1   BANK2   BANK3   BANK4   BANK5   BANK6
      Params:         1       0       0       0       0       0       0       0
      Locals:         0       4       0       0       0       0       0       0
      Temps:          3       0       0       0       0       0       0       0
      Totals:         4       4       0       0       0       0       0       0
Total ram usage:        8 bytes
 Hardware stack levels used:    1
 Hardware stack levels required when called:    2
 This function calls:
		_fputc
 This function is called by:
		_pad
 This function uses a non-reentrant model


 *************** function _fputc *****************
 Defined at:
		line 8 in file "C:\Program Files\Microchip\xc8\v2.30\pic\sources\c99\common\nf_fputc.c"
 Parameters:    Size  Location     Type
  c               2    0[COMMON] int 
  fp              1    2[COMMON] PTR struct _IO_FILE
		 -> sprintf@f(5), 
 Auto vars:     Size  Location     Type
		None
 Return value:  Size  Location     Type
                  2    0[COMMON] int 
 Registers used:
		wreg, fsr0l, fsr0h, fsr1l, fsr1h, status,2, status,0, pclath, cstack
 Tracked objects:
		On entry : 
		On exit  : 
		Unchanged: 
 Data sizes:     COMMON   BANK0   BANK1   BANK2   BANK3   BANK4   BANK5   BANK6
      Params:         3       0       0       0       0       0       0       0
      Locals:         0       0       0       0       0       0       0       0
      Temps:          5       0       0       0       0       0       0       0
      Totals:         8       0       0       0       0       0       0       0
Total ram usage:        8 bytes
 Hardware stack levels used:    1
 Hardware stack levels required when called:    1
 This function calls:
		_putch
 This function is called by:
		_pad
		_vfpfcnvrt
		_fputs
 This function uses a non-reentrant model


 *************** function _putch *****************
 Defined at:
		line 7 in file "C:\Program Files\Microchip\xc8\v2.30\pic\sources\c99\common\putch.c"
 Parameters:    Size  Location     Type
  c               1    wreg     unsigned char 
 Auto vars:     Size  Location     Type
  c               1    0[COMMON] unsigned char 
 Return value:  Size  Location     Type
                  1    wreg      void 
 Registers used:
		wreg
 Tracked objects:
		On entry : 
		On exit  : 
		Unchanged: 
 Data sizes:     COMMON   BANK0   BANK1   BANK2   BANK3   BANK4   BANK5   BANK6
      Params:         0       0       0       0       0       0       0       0
      Locals:         0       0       0       0       0       0       0       0
      Temps:          0       0       0       0       0       0       0       0
      Totals:         0       0       0       0       0       0       0       0
Total ram usage:        0 bytes
 Hardware stack levels used:    1
 This function calls:
		Nothing
 This function is called by:
		_fputc
 This function uses a non-reentrant model


 *************** function _abs *****************
 Defined at:
		line 1 in file "C:\Program Files\Microchip\xc8\v2.30\pic\sources\c99\common\abs.c"
 Parameters:    Size  Location     Type
  a               2    3[COMMON] int 
 Auto vars:     Size  Location     Type
		None
 Return value:  Size  Location     Type
                  2    3[COMMON] int 
 Registers used:
		wreg, status,2, status,0
 Tracked objects:
		On entry : 
		On exit  : 
		Unchanged: 
 Data sizes:     COMMON   BANK0   BANK1   BANK2   BANK3   BANK4   BANK5   BANK6
      Params:         2       0       0       0       0       0       0       0
      Locals:         0       0       0       0       0       0       0       0
      Temps:          2       0       0       0       0       0       0       0
      Totals:         4       0       0       0       0       0       0       0
Total ram usage:        4 bytes
 Hardware stack levels used:    1
 This function calls:
		Nothing
 This function is called by:
		_dtoa
 This function uses a non-reentrant model


 *************** function ___aomod *****************
 Defined at:
		line 7 in file "C:\Program Files\Microchip\xc8\v2.30\pic\sources\c99\common\aomod.c"
 Parameters:    Size  Location     Type
  divisor         8    0[BANK0 ] long long 
  dividend        8    8[BANK0 ] long long 
 Auto vars:     Size  Location     Type
  sign            1    2[COMMON] unsigned char 
  counter         1    1[COMMON] unsigned char 
 Return value:  Size  Location     Type
                  8    0[BANK0 ] long long 
 Registers used:
		wreg, fsr1l, fsr1h, status,2, status,0
 Tracked objects:
		On entry : 
		On exit  : 
		Unchanged: 
 Data sizes:     COMMON   BANK0   BANK1   BANK2   BANK3   BANK4   BANK5   BANK6
      Params:         0      16       0       0       0       0       0       0
      Locals:         2       0       0       0       0       0       0       0
      Temps:          1       0       0       0       0       0       0       0
      Totals:         3      16       0       0       0       0       0       0
Total ram usage:       19 bytes
 Hardware stack levels used:    1
 This function calls:
		Nothing
 This function is called by:
		_dtoa
 This function uses a non-reentrant model


 *************** function ___aodiv *****************
 Defined at:
		line 7 in file "C:\Program Files\Microchip\xc8\v2.30\pic\sources\c99\common\aodiv.c"
 Parameters:    Size  Location     Type
  divisor         8    0[BANK0 ] long long 
  dividend        8    8[BANK0 ] long long 
 Auto vars:     Size  Location     Type
  quotient        8    3[COMMON] long long 
  sign            1    2[COMMON] unsigned char 
  counter         1    1[COMMON] unsigned char 
 Return value:  Size  Location     Type
                  8    0[BANK0 ] long long 
 Registers used:
		wreg, fsr1l, fsr1h, status,2, status,0
 Tracked objects:
		On entry : 
		On exit  : 
		Unchanged: 
 Data sizes:     COMMON   BANK0   BANK1   BANK2   BANK3   BANK4   BANK5   BANK6
      Params:         0      16       0       0       0       0       0       0
      Locals:        10       0       0       0       0       0       0       0
      Temps:          1       0       0       0       0       0       0       0
      Totals:        11      16       0       0       0       0       0       0
Total ram usage:       27 bytes
 Hardware stack levels used:    1
 This function calls:
		Nothing
 This function is called by:
		_dtoa
 This function uses a non-reentrant model


 *************** function _Lcd_Print_String *****************
 Defined at:
		line 104 in file "./LCD_Drivers.h"
 Parameters:    Size  Location     Type
  a               2    5[COMMON] PTR unsigned char 
		 -> STR_14(10), STR_13(15), STR_12(10), STR_11(15), 
		 -> STR_10(8), STR_9(15), STR_8(15), STR_7(5), 
		 -> STR_6(14), STR_5(5), STR_4(12), STR_3(2), 
		 -> STR_2(13), LCD_Print_num@str(10), 
 Auto vars:     Size  Location     Type
  i               2    8[COMMON] int 
 Return value:  Size  Location     Type
                  1    wreg      void 
 Registers used:
		wreg, fsr0l, fsr0h, status,2, status,0, pclath, cstack
 Tracked objects:
		On entry : 
		On exit  : 
		Unchanged: 
 Data sizes:     COMMON   BANK0   BANK1   BANK2   BANK3   BANK4   BANK5   BANK6
      Params:         2       0       0       0       0       0       0       0
      Locals:         2       0       0       0       0       0       0       0
      Temps:          1       0       0       0       0       0       0       0
      Totals:         5       0       0       0       0       0       0       0
Total ram usage:        5 bytes
 Hardware stack levels used:    1
 Hardware stack levels required when called:    2
 This function calls:
		_Lcd_Print_Char
 This function is called by:
		_LCD_Print_num
		_Print_DTMF_data
		_main
		_hexTest
 This function uses a non-reentrant model


 *************** function _Lcd_Print_Char *****************
 Defined at:
		line 66 in file "./LCD_Drivers.h"
 Parameters:    Size  Location     Type
  data            1    wreg     unsigned char 
 Auto vars:     Size  Location     Type
  data            1    4[COMMON] unsigned char 
  Upper_Nibble    1    3[COMMON] unsigned char 
  Lower_Nibble    1    2[COMMON] unsigned char 
 Return value:  Size  Location     Type
                  1    wreg      void 
 Registers used:
		wreg, status,2, status,0, pclath, cstack
 Tracked objects:
		On entry : 
		On exit  : 
		Unchanged: 
 Data sizes:     COMMON   BANK0   BANK1   BANK2   BANK3   BANK4   BANK5   BANK6
      Params:         0       0       0       0       0       0       0       0
      Locals:         3       0       0       0       0       0       0       0
      Temps:          1       0       0       0       0       0       0       0
      Totals:         4       0       0       0       0       0       0       0
Total ram usage:        4 bytes
 Hardware stack levels used:    1
 Hardware stack levels required when called:    1
 This function calls:
		_Lcd_SetBit
 This function is called by:
		_Lcd_Print_String
		_Print_DTMF_data
 This function uses a non-reentrant model


 *************** function _Lcd_SetBit *****************
 Defined at:
		line 81 in file "./LCD_Drivers.h"
 Parameters:    Size  Location     Type
  data_bit        1    wreg     unsigned char 
 Auto vars:     Size  Location     Type
  data_bit        1    0[COMMON] unsigned char 
 Return value:  Size  Location     Type
                  1    wreg      void 
 Registers used:
		wreg
 Tracked objects:
		On entry : 
		On exit  : 
		Unchanged: 
 Data sizes:     COMMON   BANK0   BANK1   BANK2   BANK3   BANK4   BANK5   BANK6
      Params:         0       0       0       0       0       0       0       0
      Locals:         1       0       0       0       0       0       0       0
      Temps:          0       0       0       0       0       0       0       0
      Totals:         1       0       0       0       0       0       0       0
Total ram usage:        1 bytes
 Hardware stack levels used:    1
 This function calls:
		Nothing
 This function is called by:
		_Lcd_Print_Char
 This function uses a non-reentrant model


 *************** function _LCD_init *****************
 Defined at:
		line 29 in file "./LCD_Drivers.h"
 Parameters:    Size  Location     Type
		None
 Auto vars:     Size  Location     Type
		None
 Return value:  Size  Location     Type
                  1    wreg      void 
 Registers used:
		wreg, status,2, status,0, pclath, cstack
 Tracked objects:
		On entry : 
		On exit  : 
		Unchanged: 
 Data sizes:     COMMON   BANK0   BANK1   BANK2   BANK3   BANK4   BANK5   BANK6
      Params:         0       0       0       0       0       0       0       0
      Locals:         0       0       0       0       0       0       0       0
      Temps:          2       0       0       0       0       0       0       0
      Totals:         2       0       0       0       0       0       0       0
Total ram usage:        2 bytes
 Hardware stack levels used:    1
 Hardware stack levels required when called:    2
 This function calls:
		_LCD_row_set
		_LDC_clear
		_send_CMD
 This function is called by:
		_main
 This function uses a non-reentrant model


 *************** function _LDC_clear *****************
 Defined at:
		line 122 in file "./LCD_Drivers.h"
 Parameters:    Size  Location     Type
		None
 Auto vars:     Size  Location     Type
		None
 Return value:  Size  Location     Type
                  1    wreg      void 
 Registers used:
		wreg, status,2, status,0, pclath, cstack
 Tracked objects:
		On entry : 
		On exit  : 
		Unchanged: 
 Data sizes:     COMMON   BANK0   BANK1   BANK2   BANK3   BANK4   BANK5   BANK6
      Params:         0       0       0       0       0       0       0       0
      Locals:         0       0       0       0       0       0       0       0
      Temps:          0       0       0       0       0       0       0       0
      Totals:         0       0       0       0       0       0       0       0
Total ram usage:        0 bytes
 Hardware stack levels used:    1
 Hardware stack levels required when called:    1
 This function calls:
		_send_CMD
 This function is called by:
		_LCD_init
		_Print_DTMF_data
		_main
		_hexTest
 This function uses a non-reentrant model


 *************** function _LCD_row_set *****************
 Defined at:
		line 111 in file "./LCD_Drivers.h"
 Parameters:    Size  Location     Type
  row             2    9[COMMON] int 
 Auto vars:     Size  Location     Type
		None
 Return value:  Size  Location     Type
                  1    wreg      void 
 Registers used:
		wreg, status,2, status,0, pclath, cstack
 Tracked objects:
		On entry : 
		On exit  : 
		Unchanged: 
 Data sizes:     COMMON   BANK0   BANK1   BANK2   BANK3   BANK4   BANK5   BANK6
      Params:         2       0       0       0       0       0       0       0
      Locals:         0       0       0       0       0       0       0       0
      Temps:          0       0       0       0       0       0       0       0
      Totals:         2       0       0       0       0       0       0       0
Total ram usage:        2 bytes
 Hardware stack levels used:    1
 Hardware stack levels required when called:    1
 This function calls:
		_send_CMD
 This function is called by:
		_LCD_init
		_Print_DTMF_data
		_main
		_hexTest
 This function uses a non-reentrant model


 *************** function _send_CMD *****************
 Defined at:
		line 49 in file "./LCD_Drivers.h"
 Parameters:    Size  Location     Type
  d7              2    0[COMMON] int 
  d6              2    2[COMMON] int 
  d5              2    4[COMMON] int 
  d4              2    6[COMMON] int 
 Auto vars:     Size  Location     Type
		None
 Return value:  Size  Location     Type
                  1    wreg      void 
 Registers used:
		wreg, status,2, status,0
 Tracked objects:
		On entry : 
		On exit  : 
		Unchanged: 
 Data sizes:     COMMON   BANK0   BANK1   BANK2   BANK3   BANK4   BANK5   BANK6
      Params:         8       0       0       0       0       0       0       0
      Locals:         0       0       0       0       0       0       0       0
      Temps:          1       0       0       0       0       0       0       0
      Totals:         9       0       0       0       0       0       0       0
Total ram usage:        9 bytes
 Hardware stack levels used:    1
 This function calls:
		Nothing
 This function is called by:
		_LCD_init
		_LCD_row_set
		_LDC_clear
 This function uses a non-reentrant model


 *************** function _DTMF_start *****************
 Defined at:
		line 21 in file "./DTMF_Drivers.h"
 Parameters:    Size  Location     Type
		None
 Auto vars:     Size  Location     Type
		None
 Return value:  Size  Location     Type
                  1    wreg      _Bool 
 Registers used:
		wreg
 Tracked objects:
		On entry : 
		On exit  : 
		Unchanged: 
 Data sizes:     COMMON   BANK0   BANK1   BANK2   BANK3   BANK4   BANK5   BANK6
      Params:         0       0       0       0       0       0       0       0
      Locals:         0       0       0       0       0       0       0       0
      Temps:          0       0       0       0       0       0       0       0
      Totals:         0       0       0       0       0       0       0       0
Total ram usage:        0 bytes
 Hardware stack levels used:    1
 This function calls:
		Nothing
 This function is called by:
		_main
 This function uses a non-reentrant model



MODULE INFORMATION

Module		Function		Class		Link	Load	Size
C:\Program Files\Microchip\xc8\v2.30\pic\sources\c99\common\aomod.c
		___aomod       		CODE           	049C	0000	234

C:\Program Files\Microchip\xc8\v2.30\pic\sources\c99\common\aomod.c estimated size: 234

C:\Program Files\Microchip\xc8\v2.30\pic\sources\c99\common\abs.c
		_abs           		CODE           	0E86	0000	26

C:\Program Files\Microchip\xc8\v2.30\pic\sources\c99\common\abs.c estimated size: 26

C:\Program Files\Microchip\xc8\v2.30\pic\sources\c99\common\doprnt.c
		_vfpfcnvrt     		CODE           	03C1	0000	219
		_pad           		CODE           	007D	0000	89
		_dtoa          		CODE           	0687	0000	366
		_vfprintf      		CODE           	0F4D	0000	49

C:\Program Files\Microchip\xc8\v2.30\pic\sources\c99\common\doprnt.c estimated size: 723

C:\Program Files\Microchip\xc8\v2.30\pic\sources\c99\common\putch.c
		_putch         		CODE           	0005	0000	1

C:\Program Files\Microchip\xc8\v2.30\pic\sources\c99\common\putch.c estimated size: 1

C:\Program Files\Microchip\xc8\v2.30\pic\sources\c99\common\nf_fputs.c
		_fputs         		CODE           	0006	0000	40

C:\Program Files\Microchip\xc8\v2.30\pic\sources\c99\common\nf_fputs.c estimated size: 40

./DTMF_Drivers.h
		_read_DTMF_Data		CODE           	02E8	0000	217
		_Print_DTMF_data		CODE           	0163	0000	173
		_DTMF_start    		CODE           	0E54	0000	25

./DTMF_Drivers.h estimated size: 415

C:\Program Files\Microchip\xc8\v2.30\pic\sources\c99\common\aodiv.c
		___aodiv       		CODE           	0586	0000	257

C:\Program Files\Microchip\xc8\v2.30\pic\sources\c99\common\aodiv.c estimated size: 257

./LCD_Drivers.h
		_LDC_clear     		CODE           	0EBD	0000	32
		_LCD_row_set   		CODE           	0FB3	0000	77
		_send_CMD      		CODE           	0F7E	0000	53
		_Lcd_SetBit    		CODE           	0EDD	0000	32
		_LCD_init      		CODE           	0210	0000	216
		_LCD_Print_num 		CODE           	0E3F	0000	21
		_Lcd_Print_String		CODE           	0EA0	0000	29
		_Lcd_Print_Char		CODE           	0F21	0000	44

./LCD_Drivers.h estimated size: 504

Main.c
		_main          		CODE           	00D6	0000	141

Main.c estimated size: 141

shared
		__initialization		CODE           	07F5	0000	8

shared estimated size: 8

C:\Program Files\Microchip\xc8\v2.30\pic\sources\c99\common\nf_fputc.c
		_fputc         		CODE           	002E	0000	79

C:\Program Files\Microchip\xc8\v2.30\pic\sources\c99\common\nf_fputc.c estimated size: 79

C:\Program Files\Microchip\xc8\v2.30\pic\sources\c99\common\strlen.c
		_strlen        		CODE           	0E6D	0000	25

C:\Program Files\Microchip\xc8\v2.30\pic\sources\c99\common\strlen.c estimated size: 25

C:\Program Files\Microchip\xc8\v2.30\pic\sources\c99\common\nf_sprintf.c
		_sprintf       		CODE           	0EFD	0000	36

C:\Program Files\Microchip\xc8\v2.30\pic\sources\c99\common\nf_sprintf.c estimated size: 36

